08:02:02 **** Incremental Build of configuration Debug for project L452_ACC ****
make -j12 all 
arm-none-eabi-gcc "../Core/Src/main.c" -mcpu=cortex-m4 -std=gnu11 -g3 -DDEBUG -DARM_MATH_CM4 -DUSE_HAL_DRIVER -DSTM32L452xx -c -I../Core/Inc -I"/home/ubuntu/DRIVE/UPC/Desarrollos/REVEHRS/Programas/STM32/L452_ACC/Drivers/DSP/Include" -I../Drivers/STM32L4xx_HAL_Driver/Inc -I../Drivers/STM32L4xx_HAL_Driver/Inc/Legacy -I../Drivers/CMSIS/Device/ST/STM32L4xx/Include -I../Drivers/CMSIS/Include -I../Middlewares/Third_Party/FreeRTOS/Source/include -I../Middlewares/Third_Party/FreeRTOS/Source/CMSIS_RTOS_V2 -I../Middlewares/Third_Party/FreeRTOS/Source/portable/GCC/ARM_CM4F -I../USB_DEVICE/App -I../USB_DEVICE/Target -I../Middlewares/ST/STM32_USB_Device_Library/Core/Inc -I../Middlewares/ST/STM32_USB_Device_Library/Class/CDC/Inc -O0 -ffunction-sections -fdata-sections -Wall -fstack-usage -fcyclomatic-complexity -MMD -MP -MF"Core/Src/main.d" -MT"Core/Src/main.o" --specs=nano.specs -mfpu=fpv4-sp-d16 -mfloat-abi=hard -mthumb -o "Core/Src/main.o"
../Core/Src/main.c: In function 'postprocessing':
../Core/Src/main.c:1668:69: warning: passing argument 4 of 'arm_max_f32' from incompatible pointer type [-Wincompatible-pointer-types]
 1668 |                         arm_max_f32(output_Run_mag, 2048, max_mtvv, output_Run_mag);
      |                                                                     ^~~~~~~~~~~~~~
      |                                                                     |
      |                                                                     float32_t * {aka float *}
In file included from ../Core/Src/main.c:28:
/home/ubuntu/DRIVE/UPC/Desarrollos/REVEHRS/Programas/STM32/L452_ACC/Drivers/DSP/Include/arm_math.h:6678:20: note: expected 'uint32_t *' {aka 'long unsigned int *'} but argument is of type 'float32_t *' {aka 'float *'}
 6678 |         uint32_t * pIndex);
      |         ~~~~~~~~~~~^~~~~~
arm-none-eabi-gcc -o "L452_ACC.elf" @"objects.list"  -larm_cortexM4lf_math -mcpu=cortex-m4 -T"/home/ubuntu/DRIVE/UPC/Desarrollos/REVEHRS/Programas/STM32/L452_ACC/STM32L452RETX_FLASH.ld" --specs=nosys.specs -Wl,-Map="L452_ACC.map" -Wl,--gc-sections -static -L"/home/ubuntu/DRIVE/UPC/Desarrollos/REVEHRS/Programas/STM32/L452_ACC/Drivers/DSP/Lib/GCC" -u _printf_float -u _scanf_float --specs=nano.specs -mfpu=fpv4-sp-d16 -mfloat-abi=hard -mthumb -Wl,--start-group -lc -lm -Wl,--end-group
/home/ubuntu/st/stm32cubeide_1.11.0/plugins/com.st.stm32cube.ide.mcu.externaltools.gnu-tools-for-stm32.12.3.rel1.linux64_1.0.100.202403111256/tools/bin/../lib/gcc/arm-none-eabi/12.3.1/../../../../arm-none-eabi/bin/ld: warning: L452_ACC.elf has a LOAD segment with RWX permissions
Finished building target: L452_ACC.elf
 
arm-none-eabi-size  L452_ACC.elf 
arm-none-eabi-objdump -h -S L452_ACC.elf  > "L452_ACC.list"
arm-none-eabi-objcopy  -O ihex L452_ACC.elf  "L452_ACC.hex"
   text	   data	    bss	    dec	    hex	filename
 194260	    792	 151232	 346284	  548ac	L452_ACC.elf
Finished building: default.size.stdout
 
Finished building: L452_ACC.hex
 
Finished building: L452_ACC.list
 

08:02:03 Build Finished. 0 errors, 2 warnings. (took 575ms)

