../Core/Src/main.c:107:6:kappa	16	static
../Core/Src/main.c:123:5:main	8	static
../Core/Src/main.c:218:6:SystemClock_Config	88	static
../Core/Src/main.c:264:13:MX_SPI2_Init	8	static
../Core/Src/main.c:302:13:MX_TIM10_Init	8	static
../Core/Src/main.c:333:13:MX_USART2_UART_Init	8	static
../Core/Src/main.c:364:13:MX_DMA_Init	16	static
../Core/Src/main.c:385:13:MX_GPIO_Init	48	static
../Core/Src/main.c:433:6:HAL_SPI_TxCpltCallback	16	static
../Core/Src/main.c:438:6:HAL_SPI_RxCpltCallback	16	static
../Core/Src/main.c:443:10:ADXL355_SPI_Read_DMA	24	static
../Core/Src/main.c:469:10:ADXL355_SPI_Read	24	static
../Core/Src/main.c:500:6:ADXL355_SPI_Write	24	static
../Core/Src/main.c:518:9:ADXL355_SPI_READ_ACC	32	static
../Core/Src/main.c:556:6:HAL_GPIO_EXTI_Callback	16	static
../Core/Src/main.c:568:6:HAL_TIM_PeriodElapsedCallback	16	static
../Core/Src/main.c:591:6:taskMain	32	static
../Core/Src/main.c:624:6:samplingTask	24	static
../Core/Src/main.c:642:6:Error_Handler	4	static,ignoring_inline_asm
