../Drivers/CMSIS/Include/core_cm4.h:1667:26:__NVIC_GetPriorityGrouping	4	static
../Drivers/CMSIS/Include/core_cm4.h:1679:22:__NVIC_EnableIRQ	16	static,ignoring_inline_asm
../Drivers/CMSIS/Include/core_cm4.h:1809:22:__NVIC_SetPriority	16	static
../Drivers/CMSIS/Include/core_cm4.h:1856:26:NVIC_EncodePriority	40	static
../Core/Src/main.c:351:6:kappa	16	static
../Core/Src/main.c:368:5:main	8	static
../Core/Src/main.c:497:6:SystemClock_Config	96	static
../Core/Src/main.c:552:13:MX_LPTIM1_Init	8	static
../Core/Src/main.c:586:13:MX_RTC_Init	8	static
../Core/Src/main.c:640:13:MX_SPI1_Init	8	static
../Core/Src/main.c:680:13:MX_SPI2_Init	8	static
../Core/Src/main.c:720:13:MX_USART1_UART_Init	8	static
../Core/Src/main.c:753:13:MX_DMA_Init	16	static
../Core/Src/main.c:790:13:MX_GPIO_Init	48	static
../Core/Src/main.c:854:6:HAL_RTC_AlarmAEventCallback	16	static
../Core/Src/main.c:859:8:rtc_read	64	static
../Core/Src/main.c:879:12:Queue_put	24	static
../Core/Src/main.c:902:12:Queue_get	16	static
../Core/Src/main.c:923:12:eeprom_write	16	static
../Core/Src/main.c:949:12:eeprom_read	16	static
../Core/Src/main.c:973:6:task_usb	176	static
../Core/Src/main.c:1107:6:buffer_show	24	static
../Core/Src/main.c:1123:6:store_config_64	24	static
../Core/Src/main.c:1169:6:store_config	64	static
../Core/Src/main.c:1180:6:load_config	40	static
../Core/Src/main.c:1197:6:HAL_RTCEx_WakeUpTimerEventCallback	16	static
../Core/Src/main.c:1204:6:SystemClock_Config_Low	96	static
../Core/Src/main.c:1258:6:HAL_SPI_TxCpltCallback	16	static
../Core/Src/main.c:1268:6:HAL_SPI_RxCpltCallback	16	static
../Core/Src/main.c:1278:10:ADXL355_SPI_Read_DMA	24	static
../Core/Src/main.c:1304:10:ADXL355_SPI_Read	24	static
../Core/Src/main.c:1335:6:ADXL355_SPI_Write	24	static
../Core/Src/main.c:1353:9:ADXL355_SPI_READ_ACC	32	static
../Core/Src/main.c:1390:6:HAL_GPIO_EXTI_Callback	16	static
../Core/Src/main.c:1410:6:HAL_LPTIM_AutoReloadMatchCallback	16	static
../Core/Src/main.c:1424:6:postprocessing	216	static
../Core/Src/main.c:1694:6:task_main	16	static
../Core/Src/main.c:1754:6:sampling_task	24	static
../Core/Src/main.c:1772:6:Error_Handler	4	static,ignoring_inline_asm
